==============================================================================
ArrivalRebalance: rebalancing-frequency sweep
==============================================================================
  cells      : [('g=2', 'sigma=0.01'), ('g=4', 'sigma=0.02'), ('g=6', 'sigma=0.03')]
  every      : [50, 100, 150, 200, 250, 300, 350, 400]  (liquidity-taking arrivals)
  eval seed  : 1005

[gas=2 sigma=0.01] 36073252_0  range=[-1,+1]  n_eval=1000
   every=50   mean=  +44.56 cvar5=    +4.74 fees=  89.65 gas=  29.01 reb/ep= 14.50 (161s)
   every=100  mean=  +35.61 cvar5=    -1.45 fees=  60.94 gas=  13.99 reb/ep=  7.00 (139s)
   every=150  mean=  +30.61 cvar5=    -4.68 fees=  48.96 gas=   9.02 reb/ep=  4.51 (113s)
   every=200  mean=  +27.54 cvar5=    -5.24 fees=  41.63 gas=   6.04 reb/ep=  3.02 (90s)
   every=250  mean=  +25.94 cvar5=    -9.66 fees=  38.23 gas=   5.02 reb/ep=  2.51 (92s)
   every=300  mean=  +24.04 cvar5=    -9.55 fees=  35.07 gas=   4.00 reb/ep=  2.00 (83s)
   every=350  mean=  +23.03 cvar5=   -10.15 fees=  33.67 gas=   3.96 reb/ep=  1.98 (80s)
   every=400  mean=  +20.76 cvar5=   -11.15 fees=  28.71 gas=   2.04 reb/ep=  1.02 (61s)

[gas=4 sigma=0.02] 36073407_14  range=[-1,+1]  n_eval=1000
   every=50   mean=  -33.92 cvar5=   -89.68 fees=  75.04 gas=  71.40 reb/ep= 17.85 (155s)
   every=100  mean=  -10.43 cvar5=   -58.27 fees=  50.73 gas=  35.22 reb/ep=  8.81 (133s)
   every=150  mean=   -3.75 cvar5=   -50.86 fees=  40.49 gas=  23.22 reb/ep=  5.81 (105s)
   every=200  mean=   +0.65 cvar5=   -43.21 fees=  34.78 gas=  16.00 reb/ep=  4.00 (85s)
   every=250  mean=   +2.55 cvar5=   -40.91 fees=  30.61 gas=  12.00 reb/ep=  3.00 (76s)
   every=300  mean=   +2.33 cvar5=   -41.12 fees=  28.58 gas=  11.22 reb/ep=  2.81 (75s)
   every=350  mean=   +4.23 cvar5=   -39.01 fees=  26.35 gas=   8.00 reb/ep=  2.00 (67s)
   every=400  mean=   +3.45 cvar5=   -40.20 fees=  25.41 gas=   8.00 reb/ep=  2.00 (70s)

[gas=6 sigma=0.03] 36074271_10  range=[-1,+1]  n_eval=1000
   every=50   mean= -111.71 cvar5=  -205.44 fees=  64.01 gas= 113.00 reb/ep= 18.83 (154s)
   every=100  mean=  -52.08 cvar5=  -125.11 fees=  42.94 gas=  54.05 reb/ep=  9.01 (126s)
   every=150  mean=  -34.61 cvar5=  -100.07 fees=  34.60 gas=  36.00 reb/ep=  6.00 (105s)
   every=200  mean=  -23.01 cvar5=   -85.81 fees=  28.58 gas=  24.05 reb/ep=  4.01 (84s)
   every=250  mean=  -16.65 cvar5=   -77.84 fees=  25.65 gas=  18.05 reb/ep=  3.01 (74s)
   every=300  mean=  -17.16 cvar5=   -77.75 fees=  24.79 gas=  18.00 reb/ep=  3.00 (73s)
   every=350  mean=  -11.32 cvar5=   -71.22 fees=  21.91 gas=  12.00 reb/ep=  2.00 (66s)
   every=400  mean=  -11.37 cvar5=   -70.44 fees=  21.61 gas=  12.00 reb/ep=  2.00 (69s)

================================================================================================
gas=2  sigma=0.01      (best mean PnL at every=50)
================================================================================================
  every       PnL     CVaR5       P5      P95     fees       IL      gas   reb/ep  profit%
------------------------------------------------------------------------------------------------
     50     44.56      4.74    11.26    80.55    89.65    16.01    29.01    14.50     99.1  <-- best
    100     35.61     -1.45     5.28    68.43    60.94    11.15    13.99     7.00     97.5
    150     30.61     -4.68     1.27    66.10    48.96     8.92     9.02     4.51     95.6
    200     27.54     -5.24     0.43    57.95    41.63     7.91     6.04     3.02     95.1
    250     25.94     -9.66    -2.43    57.50    38.23     7.28     5.02     2.51     93.0
    300     24.04     -9.55    -1.64    53.72    35.07     6.68     4.00     2.00     93.6
    350     23.03    -10.15    -3.57    54.06    33.67     6.52     3.96     1.98     91.9
    400     20.76    -11.15    -5.50    52.59    28.71     5.88     2.04     1.02     89.5
------------------------------------------------------------------------------------------------

================================================================================================
gas=4  sigma=0.02      (best mean PnL at every=350)
================================================================================================
  every       PnL     CVaR5       P5      P95     fees       IL      gas   reb/ep  profit%
------------------------------------------------------------------------------------------------
     50    -33.92    -89.68   -74.81     3.92    75.04    37.55    71.40    17.85      7.7
    100    -10.43    -58.27   -45.33    23.83    50.73    25.50    35.22     8.81     30.9
    150     -3.75    -50.86   -37.77    29.97    40.49    20.71    23.22     5.81     42.6
    200      0.65    -43.21   -31.29    31.69    34.78    17.67    16.00     4.00     53.0
    250      2.55    -40.91   -30.11    34.07    30.61    15.16    12.00     3.00     56.7
    300      2.33    -41.12   -28.77    32.70    28.58    14.61    11.22     2.81     56.2
    350      4.23    -39.01   -26.59    33.98    26.35    13.73     8.00     2.00     62.1  <-- best
    400      3.45    -40.20   -27.32    32.95    25.41    13.49     8.00     2.00     60.2
------------------------------------------------------------------------------------------------

================================================================================================
gas=6  sigma=0.03      (best mean PnL at every=350)
================================================================================================
  every       PnL     CVaR5       P5      P95     fees       IL      gas   reb/ep  profit%
------------------------------------------------------------------------------------------------
     50   -111.71   -205.44  -171.64   -61.98    64.01    62.13   113.00    18.83      0.0
    100    -52.08   -125.11   -98.64   -12.23    42.94    39.89    54.05     9.01      1.7
    150    -34.61   -100.07   -78.28     2.41    34.60    32.17    36.00     6.00      6.4
    200    -23.01    -85.81   -65.54    13.25    28.58    26.19    24.05     4.01     15.3
    250    -16.65    -77.84   -59.90    17.46    25.65    23.53    18.05     3.01     24.2
    300    -17.16    -77.75   -57.00    16.60    24.79    22.62    18.00     3.00     24.9
    350    -11.32    -71.22   -53.35    21.25    21.91    20.67    12.00     2.00     32.6  <-- best
    400    -11.37    -70.44   -50.89    20.94    21.61    20.06    12.00     2.00     31.7
------------------------------------------------------------------------------------------------

Wrote 24 rows to /Users/xarisk/Documents/PhD King's College London/v4_gym/saife_gym/SAiFE_gym/notebooks/arrival_rebalance_sweep.csv  (total 2335s)

