==============================================================================
ArrivalRebalance: rebalancing-frequency sweep
==============================================================================
  cells      : [('g=2', 'sigma=0.01'), ('g=4', 'sigma=0.02'), ('g=6', 'sigma=0.03')]
  every      : [10, 20, 30, 40, 500, 600, 800]  (liquidity-taking arrivals)
  eval seed  : 1005

[gas=2 sigma=0.01] 36073252_0  range=[-1,+1]  n_eval=1000
   every=10   mean=  +39.47 cvar5=   -14.08 fees= 228.80 gas= 148.77 reb/ep= 74.39 (176s)
   every=20   mean=  +49.71 cvar5=    +3.19 fees= 150.16 gas=  73.94 reb/ep= 36.97 (186s)
   every=30   mean=  +48.67 cvar5=    +6.86 fees= 118.78 gas=  49.00 reb/ep= 24.50 (173s)
   every=40   mean=  +45.26 cvar5=    +4.30 fees=  99.85 gas=  36.45 reb/ep= 18.23 (164s)
   every=500  mean=  +21.03 cvar5=   -11.79 fees=  28.74 gas=   2.00 reb/ep=  1.00 (65s)
   every=600  mean=  +19.61 cvar5=   -11.99 fees=  27.12 gas=   2.00 reb/ep=  1.00 (65s)
   every=800  mean=  +15.86 cvar5=   -14.59 fees=  20.16 gas=   0.04 reb/ep=  0.02 (51s)

[gas=4 sigma=0.02] 36073407_14  range=[-1,+1]  n_eval=1000
   every=10   mean= -275.18 cvar5=  -392.08 fees= 193.36 gas= 364.05 reb/ep= 91.01 (180s)
   every=20   mean= -117.61 cvar5=  -199.59 fees= 129.66 gas= 181.12 reb/ep= 45.28 (166s)
   every=30   mean=  -69.31 cvar5=  -136.88 fees= 101.85 gas= 120.10 reb/ep= 30.03 (167s)
   every=40   mean=  -46.25 cvar5=  -109.23 fees=  86.23 gas=  89.57 reb/ep= 22.39 (182s)
   every=500  mean=   +5.25 cvar5=   -37.05 fees=  20.99 gas=   4.00 reb/ep=  1.00 (60s)
   every=600  mean=   +5.69 cvar5=   -36.23 fees=  20.97 gas=   4.00 reb/ep=  1.00 (58s)
   every=800  mean=   +4.73 cvar5=   -37.52 fees=  19.45 gas=   4.00 reb/ep=  1.00 (58s)

[gas=6 sigma=0.03] 36074271_10  range=[-1,+1]  n_eval=1000
   every=10   mean= -590.40 cvar5=  -782.95 fees= 151.32 gas= 574.63 reb/ep= 95.77 (174s)
   every=20   mean= -290.11 cvar5=  -437.88 fees= 109.12 gas= 286.08 reb/ep= 47.68 (177s)
   every=30   mean= -190.02 cvar5=  -311.30 fees=  86.69 gas= 189.71 reb/ep= 31.62 (172s)
   every=40   mean= -140.07 cvar5=  -245.26 fees=  73.59 gas= 141.67 reb/ep= 23.61 (159s)
   every=500  mean=   -5.38 cvar5=   -64.03 fees=  18.12 gas=   6.05 reb/ep=  1.01 (52s)
   every=600  mean=   -5.53 cvar5=   -62.64 fees=  17.60 gas=   6.00 reb/ep=  1.00 (52s)
   every=800  mean=   -5.43 cvar5=   -63.67 fees=  16.90 gas=   6.00 reb/ep=  1.00 (53s)

================================================================================================
gas=2  sigma=0.01      (best mean PnL at every=20)
================================================================================================
  every       PnL     CVaR5       P5      P95     fees       IL      gas   reb/ep  profit%
------------------------------------------------------------------------------------------------
     10     39.47    -14.08    -4.32    82.94   228.80    40.39   148.77    74.39     93.8
     20     49.71      3.19    12.18    89.19   150.16    26.31    73.94    36.97     98.9  <-- best
     30     48.67      6.86    14.60    87.42   118.78    21.09    49.00    24.50     99.1
     40     45.26      4.30    11.96    82.13    99.85    17.99    36.45    18.23     98.8
    500     21.03    -11.79    -5.24    52.31    28.74     5.60     2.00     1.00     89.9
    600     19.61    -11.99    -5.29    48.63    27.12     5.28     2.00     1.00     88.7
    800     15.86    -14.59    -8.71    47.43    20.16     4.06     0.04     0.02     85.3
------------------------------------------------------------------------------------------------

================================================================================================
gas=4  sigma=0.02      (best mean PnL at every=600)
================================================================================================
  every       PnL     CVaR5       P5      P95     fees       IL      gas   reb/ep  profit%
------------------------------------------------------------------------------------------------
     10   -275.18   -392.08  -358.75  -208.25   193.36   104.51   364.05    91.01      0.0
     20   -117.61   -199.59  -176.50   -66.11   129.66    66.21   181.12    45.28      0.0
     30    -69.31   -136.88  -117.79   -24.86   101.85    50.88   120.10    30.03      0.4
     40    -46.25   -109.23   -89.43    -3.21    86.23    42.51    89.57    22.39      4.4
    500      5.25    -37.05   -26.84    35.35    20.99    11.11     4.00     1.00     64.6
    600      5.69    -36.23   -25.83    35.18    20.97    10.77     4.00     1.00     66.7  <-- best
    800      4.73    -37.52   -25.36    33.89    19.45    10.37     4.00     1.00     64.6
------------------------------------------------------------------------------------------------

================================================================================================
gas=6  sigma=0.03      (best mean PnL at every=500)
================================================================================================
  every       PnL     CVaR5       P5      P95     fees       IL      gas   reb/ep  profit%
------------------------------------------------------------------------------------------------
     10   -590.40   -782.95  -712.20  -494.14   151.32   167.28   574.63    95.77      0.0
     20   -290.11   -437.88  -381.24  -217.08   109.12   113.17   286.08    47.68      0.0
     30   -190.02   -311.30  -264.77  -128.31    86.69    86.58   189.71    31.62      0.0
     40   -140.07   -245.26  -204.08   -84.92    73.59    72.05   141.67    23.61      0.0
    500     -5.38    -64.03   -45.66    27.18    18.12    16.77     6.05     1.01     44.9  <-- best
    600     -5.53    -62.64   -44.93    25.67    17.60    16.26     6.00     1.00     45.3
    800     -5.43    -63.67   -44.69    24.79    16.90    15.54     6.00     1.00     46.0
------------------------------------------------------------------------------------------------

Wrote 21 rows to arrival_rebalance_sweep_ext.csv  (total 2592s)

